
> school-web@0.1.0 build
> next build

ΓÜá Warning: Next.js inferred your workspace root, but it may not be correct.
 We detected multiple lockfiles and selected the directory of C:\Users\md232\package-lock.json as the root directory.
 To silence this warning, set `turbopack.root` in your Next.js config, or consider removing one of the lockfiles if it's not needed.
   See https://nextjs.org/docs/app/api-reference/config/next-config-js/turbopack#root-directory for more information.
 Detected additional lockfiles: 
   * C:\Users\md232\Desktop\Projects\Smart kids Flora Public School\package-lock.json

Γû▓ Next.js 16.1.6 (Turbopack)
- Environments: .env.local, .env

  Creating an optimized production build ...

> Build error occurred
Error: Turbopack build failed with 1 errors:
./Desktop/Projects/Smart kids Flora Public School/src/lib/prisma.ts:1:1
Module not found: Can't resolve '../../prisma/generated/client'
> 1 | import { PrismaClient } from '../../prisma/generated/client';
    | ^^^^^^^^^^^^^^^^^^^^^^^^^^^^^^^^^^^^^^^^^^^^^^^^^^^^^^^^^^^^^
  2 |
  3 | const globalForPrisma = global as unknown as { prisma: PrismaClient };
  4 |



Import traces:
  App Route:
    ./Desktop/Projects/Smart kids Flora Public School/src/lib/prisma.ts
    ./Desktop/Projects/Smart kids Flora Public School/src/lib/auth.ts
    ./Desktop/Projects/Smart kids Flora Public School/src/app/api/auth/[...nextauth]/route.ts

  Edge Middleware:
    ./Desktop/Projects/Smart kids Flora Public School/src/lib/prisma.ts
    ./Desktop/Projects/Smart kids Flora Public School/src/lib/auth.ts
    ./Desktop/Projects/Smart kids Flora Public School/middleware.ts

  Server Component:
    ./Desktop/Projects/Smart kids Flora Public School/src/lib/prisma.ts
    ./Desktop/Projects/Smart kids Flora Public School/src/lib/auth.ts
    ./Desktop/Projects/Smart kids Flora Public School/src/app/admin/page.tsx

https://nextjs.org/docs/messages/module-not-found


    at <unknown> (./Desktop/Projects/Smart kids Flora Public School/src/lib/prisma.ts:1:1)
    at <unknown> (https://nextjs.org/docs/messages/module-not-found)
